{"seed":101,"prediction":{"learned":0.005746598580035452,"initial":0.018697266900821113,"constant":0.010603195945260184,"linear":0.013202138351246395,"observations":1867},"control":{"learned":0.4258670719090081,"random":0.06282784144678727,"needFirst":0.23078961196038023},"partners":{"trueReliability":[0.2,0.9],"estimates":[0.18292682926829268,0.8658536585365854],"brierRemembered":0.13280190362879152,"brierErased":0.24838744093888238,"preference":0.9957788375671149,"requestValue":0.26634146341463416,"request":true,"cost":0.08},"equalPartners":{"trueReliability":[0.55,0.55],"estimates":[0.4878048780487805,0.524390243902439],"brierRemembered":0.24988399762046462,"brierErased":0.24954427678707478,"preference":0.4273471694017482,"requestValue":0.1151219512195122,"request":true,"cost":0.08},"highCost":{"trueReliability":[0.2,0.9],"estimates":[0.18292682926829268,0.8658536585365854],"brierRemembered":0.13280190362879152,"brierErased":0.24838744093888238,"preference":0.9957788375671149,"requestValue":-0.053658536585365846,"request":false,"cost":0.4}}
{"seed":102,"prediction":{"learned":0.0049705959696249085,"initial":0.018851541588495908,"constant":0.010065200557223142,"linear":0.010372377091295818,"observations":1947},"control":{"learned":0.48664516877103364,"random":0.07209150525615501,"needFirst":0.24992799793413487},"partners":{"trueReliability":[0.9,0.2],"estimates":[0.926829268292683,0.18292682926829268],"brierRemembered":0.12282272456870899,"brierErased":0.24669753086419824,"preference":0.9974040916776518,"requestValue":0.2907317073170732,"request":true,"cost":0.08},"equalPartners":{"trueReliability":[0.55,0.55],"estimates":[0.5,0.5853658536585366],"brierRemembered":0.24980220107079176,"brierErased":0.24862635269014013,"preference":0.3356083779984784,"requestValue":0.12000000000000001,"request":true,"cost":0.08},"highCost":{"trueReliability":[0.9,0.2],"estimates":[0.926829268292683,0.18292682926829268],"brierRemembered":0.12282272456870899,"brierErased":0.24669753086419824,"preference":0.9974040916776518,"requestValue":-0.0292682926829268,"request":false,"cost":0.4}}
{"seed":103,"prediction":{"learned":0.005373572940747426,"initial":0.019980834240122796,"constant":0.010150946067870838,"linear":0.010058101103881919,"observations":1943},"control":{"learned":0.43963905327795993,"random":0.05129247271732102,"needFirst":0.22190809419645774},"partners":{"trueReliability":[0.2,0.9],"estimates":[0.2682926829268293,0.8902439024390244],"brierRemembered":0.12042831647828757,"brierErased":0.2508222831885398,"preference":0.9931430348851755,"requestValue":0.2760975609756098,"request":true,"cost":0.08},"equalPartners":{"trueReliability":[0.55,0.55],"estimates":[0.573170731707317,0.43902439024390244],"brierRemembered":0.2572798929208813,"brierErased":0.24942081999695148,"preference":0.7451994335354529,"requestValue":0.1492682926829268,"request":true,"cost":0.08},"highCost":{"trueReliability":[0.2,0.9],"estimates":[0.2682926829268293,0.8902439024390244],"brierRemembered":0.12042831647828757,"brierErased":0.2508222831885398,"preference":0.9931430348851755,"requestValue":-0.04390243902439023,"request":false,"cost":0.4}}
{
  "predictionLearned": {
    "mean": 0.0053635891634692635,
    "ci95": [
      0.0049705959696249085,
      0.005746598580035452
    ]
  },
  "predictionInitial": {
    "mean": 0.01917654757647994,
    "ci95": [
      0.018697266900821113,
      0.019980834240122796
    ]
  },
  "predictionConstant": {
    "mean": 0.010273114190118055,
    "ci95": [
      0.010065200557223142,
      0.010603195945260184
    ]
  },
  "predictionLinear": {
    "mean": 0.011210872182141377,
    "ci95": [
      0.010058101103881919,
      0.013202138351246395
    ]
  },
  "predictionDeltaVsConstant": {
    "mean": -0.004909525026648793,
    "ci95": [
      -0.005094604587598234,
      -0.004777373127123412
    ]
  },
  "deficitLearned": {
    "mean": 0.4507170979860005,
    "ci95": [
      0.4258670719090081,
      0.48664516877103364
    ]
  },
  "deficitRandom": {
    "mean": 0.0620706064734211,
    "ci95": [
      0.05129247271732102,
      0.07209150525615501
    ]
  },
  "deficitNeedFirst": {
    "mean": 0.23420856803032428,
    "ci95": [
      0.22190809419645774,
      0.24992799793413487
    ]
  },
  "deficitDeltaVsRandom": {
    "mean": 0.3886464915125795,
    "ci95": [
      0.3630392304622208,
      0.4145536635148786
    ]
  },
  "deficitDeltaVsNeedFirst": {
    "mean": 0.21650852995567627,
    "ci95": [
      0.19507745994862788,
      0.23671717083689878
    ]
  },
  "partnerBrierRemembered": {
    "mean": 0.12535098155859603,
    "ci95": [
      0.12042831647828757,
      0.13280190362879152
    ]
  },
  "partnerBrierErased": {
    "mean": 0.24863575166387344,
    "ci95": [
      0.24669753086419824,
      0.2508222831885398
    ]
  },
  "partnerDelta": {
    "mean": -0.12328477010527744,
    "ci95": [
      -0.13039396671025222,
      -0.11558553731009086
    ]
  },
  "equalPartnerDelta": {
    "mean": 0.0031248807126571057,
    "ci95": [
      0.00033972083338984493,
      0.007859072923929844
    ]
  }
}
