{"seed":101,"prediction":{"learned":0.0069694947890657395,"initial":0.02070722941813309,"constant":0.010602222587731329,"linear":0.014058886665566041,"observations":1867},"control":{"learned":0.07807044122836011,"random":0.06282784144678756,"needFirst":0.23078961196037923},"partners":{"trueReliability":[0.2,0.9],"estimates":[0.18292682926829268,0.8658536585365854],"brierRemembered":0.13280190362879152,"brierErased":0.24838744093888238,"preference":0.9957788375671149,"requestValue":0.26634146341463416,"request":true,"cost":0.08},"equalPartners":{"trueReliability":[0.55,0.55],"estimates":[0.4878048780487805,0.524390243902439],"brierRemembered":0.24988399762046462,"brierErased":0.24954427678707478,"preference":0.4273471694017482,"requestValue":0.1151219512195122,"request":true,"cost":0.08},"highCost":{"trueReliability":[0.2,0.9],"estimates":[0.18292682926829268,0.8658536585365854],"brierRemembered":0.13280190362879152,"brierErased":0.24838744093888238,"preference":0.9957788375671149,"requestValue":-0.053658536585365846,"request":false,"cost":0.4}}
{"seed":102,"prediction":{"learned":0.0048706506915024185,"initial":0.01526220882958886,"constant":0.010062855959830658,"linear":0.010805470449592187,"observations":1947},"control":{"learned":0.06306410478445662,"random":0.07209150525615528,"needFirst":0.249927997934134},"partners":{"trueReliability":[0.9,0.2],"estimates":[0.926829268292683,0.18292682926829268],"brierRemembered":0.12282272456870899,"brierErased":0.24669753086419824,"preference":0.9974040916776518,"requestValue":0.2907317073170732,"request":true,"cost":0.08},"equalPartners":{"trueReliability":[0.55,0.55],"estimates":[0.5,0.5853658536585366],"brierRemembered":0.24980220107079176,"brierErased":0.24862635269014013,"preference":0.3356083779984784,"requestValue":0.12000000000000001,"request":true,"cost":0.08},"highCost":{"trueReliability":[0.9,0.2],"estimates":[0.926829268292683,0.18292682926829268],"brierRemembered":0.12282272456870899,"brierErased":0.24669753086419824,"preference":0.9974040916776518,"requestValue":-0.0292682926829268,"request":false,"cost":0.4}}
{"seed":103,"prediction":{"learned":0.005887462335189497,"initial":0.016191238477653767,"constant":0.010149671105852666,"linear":0.00990631581376322,"observations":1943},"control":{"learned":0.19536625358454823,"random":0.05129247271732118,"needFirst":0.22190809419645777},"partners":{"trueReliability":[0.2,0.9],"estimates":[0.2682926829268293,0.8902439024390244],"brierRemembered":0.12042831647828757,"brierErased":0.2508222831885398,"preference":0.9931430348851755,"requestValue":0.2760975609756098,"request":true,"cost":0.08},"equalPartners":{"trueReliability":[0.55,0.55],"estimates":[0.573170731707317,0.43902439024390244],"brierRemembered":0.2572798929208813,"brierErased":0.24942081999695148,"preference":0.7451994335354529,"requestValue":0.1492682926829268,"request":true,"cost":0.08},"highCost":{"trueReliability":[0.2,0.9],"estimates":[0.2682926829268293,0.8902439024390244],"brierRemembered":0.12042831647828757,"brierErased":0.2508222831885398,"preference":0.9931430348851755,"requestValue":-0.04390243902439023,"request":false,"cost":0.4}}
{
  "predictionLearned": {
    "mean": 0.005909202605252552,
    "ci95": [
      0.0048706506915024185,
      0.0069694947890657395
    ]
  },
  "predictionInitial": {
    "mean": 0.017386892241791907,
    "ci95": [
      0.01526220882958886,
      0.02070722941813309
    ]
  },
  "predictionConstant": {
    "mean": 0.010271583217804884,
    "ci95": [
      0.010062855959830658,
      0.010602222587731329
    ]
  },
  "predictionLinear": {
    "mean": 0.011590224309640483,
    "ci95": [
      0.00990631581376322,
      0.014058886665566041
    ]
  },
  "predictionDeltaVsConstant": {
    "mean": -0.0043623806125523325,
    "ci95": [
      -0.00519220526832824,
      -0.003632727798665589
    ]
  },
  "deficitLearned": {
    "mean": 0.11216693319912165,
    "ci95": [
      0.06306410478445662,
      0.19536625358454826
    ]
  },
  "deficitRandom": {
    "mean": 0.06207060647342134,
    "ci95": [
      0.05129247271732118,
      0.07209150525615528
    ]
  },
  "deficitNeedFirst": {
    "mean": 0.23420856803032367,
    "ci95": [
      0.22190809419645777,
      0.249927997934134
    ]
  },
  "deficitDeltaVsRandom": {
    "mean": 0.05009632672570032,
    "ci95": [
      -0.009027400471698657,
      0.14407378086722705
    ]
  },
  "deficitDeltaVsNeedFirst": {
    "mean": -0.122041634831202,
    "ci95": [
      -0.1868638931496774,
      -0.026541840611909534
    ]
  },
  "partnerBrierRemembered": {
    "mean": 0.12535098155859603,
    "ci95": [
      0.12042831647828757,
      0.13280190362879152
    ]
  },
  "partnerBrierErased": {
    "mean": 0.24863575166387344,
    "ci95": [
      0.24669753086419824,
      0.2508222831885398
    ]
  },
  "partnerDelta": {
    "mean": -0.12328477010527744,
    "ci95": [
      -0.13039396671025222,
      -0.11558553731009086
    ]
  },
  "equalPartnerDelta": {
    "mean": 0.0031248807126571057,
    "ci95": [
      0.00033972083338984493,
      0.007859072923929844
    ]
  }
}
